[0;32mStarting IFPA Stats API Test Suite[0m
Base URL: https://api.ifpapinball.com
Response directory: scripts/stats_responses


[0;34m========================================[0m
[0;34mTEST 1: GET /stats/country_players[0m
[0;34m========================================[0m

[0;36m--- Test 1.1: Country players (default OPEN) ---[0m
[1;33mcurl -H 'X-API-Key: $IFPA_API_KEY' 'https://api.ifpapinball.com/stats/country_players'[0m
[0;36mHTTP Status: 200[0m
{
  "type": "Players by Country",
  "rank_type": "OPEN",
  "stats": [
    {
      "country_name": "United States",
      "country_code": "US",
      "player_count": "47101",
      "stats_rank": 1
    },
    {
      "country_name": "Canada",
      "country_code": "CA",
      "player_count": "4473",
      "stats_rank": 2
    },
    {
      "country_name": "Australia",
      "country_code": "AU",
      "player_count": "3385",
      "stats_rank": 3
    },
    {
      "country_name": "Germany",
      "country_code": "DE",
      "player_count": "1947",
      "stats_rank": 4
    },
    {
      "country_name": "Sweden",
      "country_code": "SE",
      "player_count": "1916",
      "stats_rank": 5
    },
    {
      "country_name": "France",
      "country_code": "FR",
      "player_count": "972",
      "stats_rank": 6
    },
    {
      "country_name": "Finland",
      "country_code": "FI",
      "player_count": "694",
      "stats_rank": 7
    },
    {
      "country_name": "Norway",
      "country_code": "NO",
      "player_count": "691",
[1;33m... (output truncated, full response saved to country_players_open.json)[0m
[0;32m✓ Test passed (200 OK)[0m
[0;36mResponse saved to: /Users/john/code/projects/ifpa-api-python/scripts/../scripts/stats_responses/country_players_open.json[0m

[0;36m--- Test 1.2: Country players (explicit OPEN) ---[0m
[1;33mcurl -H 'X-API-Key: $IFPA_API_KEY' 'https://api.ifpapinball.com/stats/country_players?rank_type=OPEN'[0m
[0;36mHTTP Status: 200[0m
{
  "type": "Players by Country",
  "rank_type": "OPEN",
  "stats": [
    {
      "country_name": "United States",
      "country_code": "US",
      "player_count": "47101",
      "stats_rank": 1
    },
    {
      "country_name": "Canada",
      "country_code": "CA",
      "player_count": "4473",
      "stats_rank": 2
    },
    {
      "country_name": "Australia",
      "country_code": "AU",
      "player_count": "3385",
      "stats_rank": 3
    },
    {
      "country_name": "Germany",
      "country_code": "DE",
      "player_count": "1947",
      "stats_rank": 4
    },
    {
      "country_name": "Sweden",
      "country_code": "SE",
      "player_count": "1916",
      "stats_rank": 5
    },
    {
      "country_name": "France",
      "country_code": "FR",
      "player_count": "972",
      "stats_rank": 6
    },
    {
      "country_name": "Finland",
      "country_code": "FI",
      "player_count": "694",
      "stats_rank": 7
    },
    {
      "country_name": "Norway",
      "country_code": "NO",
      "player_count": "691",
[1;33m... (output truncated, full response saved to country_players_open_explicit.json)[0m
[0;32m✓ Test passed (200 OK)[0m
[0;36mResponse saved to: /Users/john/code/projects/ifpa-api-python/scripts/../scripts/stats_responses/country_players_open_explicit.json[0m

[0;36m--- Test 1.3: Country players (WOMEN) ---[0m
[1;33mcurl -H 'X-API-Key: $IFPA_API_KEY' 'https://api.ifpapinball.com/stats/country_players?rank_type=WOMEN'[0m
[0;36mHTTP Status: 200[0m
{
  "type": "Players by Country",
  "rank_type": "WOMEN",
  "stats": [
    {
      "country_name": "United States",
      "country_code": "US",
      "player_count": "7173",
      "stats_rank": 1
    },
    {
      "country_name": "Canada",
      "country_code": "CA",
      "player_count": "862",
      "stats_rank": 2
    },
    {
      "country_name": "Australia",
      "country_code": "AU",
      "player_count": "258",
      "stats_rank": 3
    },
    {
      "country_name": "Sweden",
      "country_code": "SE",
      "player_count": "104",
      "stats_rank": 4
    },
    {
      "country_name": "Germany",
      "country_code": "DE",
      "player_count": "94",
      "stats_rank": 5
    },
    {
      "country_name": "United Kingdom",
      "country_code": "GB",
      "player_count": "74",
      "stats_rank": 6
    },
    {
      "country_name": "New Zealand",
      "country_code": "NZ",
      "player_count": "64",
      "stats_rank": 7
    },
    {
      "country_name": "Norway",
      "country_code": "NO",
      "player_count": "39",
[1;33m... (output truncated, full response saved to country_players_women.json)[0m
[0;32m✓ Test passed (200 OK)[0m
[0;36mResponse saved to: /Users/john/code/projects/ifpa-api-python/scripts/../scripts/stats_responses/country_players_women.json[0m

[0;34m========================================[0m
[0;34mTEST 2: GET /stats/state_players[0m
[0;34m========================================[0m

[0;36m--- Test 2.1: State players (default OPEN) ---[0m
[1;33mcurl -H 'X-API-Key: $IFPA_API_KEY' 'https://api.ifpapinball.com/stats/state_players'[0m
[0;36mHTTP Status: 200[0m
{
  "type": "Players by State (North America)",
  "rank_type": "OPEN",
  "stats": [
    {
      "stateprov": "Unknown",
      "player_count": "38167",
      "stats_rank": 1
    },
    {
      "stateprov": "CA",
      "player_count": "662",
      "stats_rank": 2
    },
    {
      "stateprov": "WA",
      "player_count": "549",
      "stats_rank": 3
    },
    {
      "stateprov": "OH",
      "player_count": "541",
      "stats_rank": 4
    },
    {
      "stateprov": "TX",
      "player_count": "417",
      "stats_rank": 5
    },
    {
      "stateprov": "MI",
      "player_count": "366",
      "stats_rank": 6
    },
    {
      "stateprov": "IL",
      "player_count": "343",
      "stats_rank": 7
    },
    {
      "stateprov": "PA",
      "player_count": "325",
      "stats_rank": 8
    },
    {
      "stateprov": "FL",
      "player_count": "315",
      "stats_rank": 9
    },
    {
[1;33m... (output truncated, full response saved to state_players_open.json)[0m
[0;32m✓ Test passed (200 OK)[0m
[0;36mResponse saved to: /Users/john/code/projects/ifpa-api-python/scripts/../scripts/stats_responses/state_players_open.json[0m

[0;36m--- Test 2.2: State players (WOMEN) ---[0m
[1;33mcurl -H 'X-API-Key: $IFPA_API_KEY' 'https://api.ifpapinball.com/stats/state_players?rank_type=WOMEN'[0m
[0;36mHTTP Status: 200[0m
{
  "type": "Players by State (North America)",
  "rank_type": "WOMEN",
  "stats": [
    {
      "stateprov": "Unknown",
      "player_count": "5182",
      "stats_rank": 1
    },
    {
      "stateprov": "CA",
      "player_count": "131",
      "stats_rank": 2
    },
    {
      "stateprov": "OH",
      "player_count": "111",
      "stats_rank": 3
    },
    {
      "stateprov": "WA",
      "player_count": "111",
      "stats_rank": 4
    },
    {
      "stateprov": "TX",
      "player_count": "99",
      "stats_rank": 5
    },
    {
      "stateprov": "IL",
      "player_count": "74",
      "stats_rank": 6
    },
    {
      "stateprov": "MI",
      "player_count": "73",
      "stats_rank": 7
    },
    {
      "stateprov": "OR",
      "player_count": "68",
      "stats_rank": 8
    },
    {
      "stateprov": "PA",
      "player_count": "67",
      "stats_rank": 9
    },
    {
[1;33m... (output truncated, full response saved to state_players_women.json)[0m
[0;32m✓ Test passed (200 OK)[0m
[0;36mResponse saved to: /Users/john/code/projects/ifpa-api-python/scripts/../scripts/stats_responses/state_players_women.json[0m

[0;34m========================================[0m
[0;34mTEST 3: GET /stats/state_tournaments[0m
[0;34m========================================[0m

[0;36m--- Test 3.1: State tournaments (default OPEN) ---[0m
[1;33mcurl -H 'X-API-Key: $IFPA_API_KEY' 'https://api.ifpapinball.com/stats/state_tournaments'[0m
[0;36mHTTP Status: 200[0m
{
  "type": "Tournaments by State (North America)",
  "rank_type": "OPEN",
  "stats": [
    {
      "stateprov": "WA",
      "tournament_count": "5729",
      "total_points_all": "232841.4800",
      "total_points_tournament_value": "39232.8200",
      "stats_rank": 1
    },
    {
      "stateprov": "MI",
      "tournament_count": "3469",
      "total_points_all": "122382.2200",
      "total_points_tournament_value": "29354.8200",
      "stats_rank": 2
    },
    {
      "stateprov": "CA",
      "tournament_count": "3391",
      "total_points_all": "304940.3600",
      "total_points_tournament_value": "40043.9700",
      "stats_rank": 3
    },
    {
      "stateprov": "TX",
      "tournament_count": "3102",
      "total_points_all": "164461.7900",
      "total_points_tournament_value": "31554.1800",
      "stats_rank": 4
    },
    {
      "stateprov": "OH",
      "tournament_count": "3021",
      "total_points_all": "216210.7500",
      "total_points_tournament_value": "37915.5200",
      "stats_rank": 5
    },
    {
      "stateprov": "OR",
      "tournament_count": "2392",
      "total_points_all": "86890.4500",
      "total_points_tournament_value": "19246.6000",
      "stats_rank": 6
    },
    {
      "stateprov": "PA",
      "tournament_count": "2382",
      "total_points_all": "296311.6300",
[1;33m... (output truncated, full response saved to state_tournaments_open.json)[0m
[0;32m✓ Test passed (200 OK)[0m
[0;36mResponse saved to: /Users/john/code/projects/ifpa-api-python/scripts/../scripts/stats_responses/state_tournaments_open.json[0m

[0;36m--- Test 3.2: State tournaments (WOMEN) ---[0m
[1;33mcurl -H 'X-API-Key: $IFPA_API_KEY' 'https://api.ifpapinball.com/stats/state_tournaments?rank_type=WOMEN'[0m
[0;36mHTTP Status: 200[0m
{
  "type": "Tournaments by State (North America)",
  "rank_type": "WOMEN",
  "stats": [
    {
      "stateprov": "TX",
      "tournament_count": "458",
      "total_points_all": "21036.1100",
      "total_points_tournament_value": "5084.3200",
      "stats_rank": 1
    },
    {
      "stateprov": "MI",
      "tournament_count": "349",
      "total_points_all": "2424.3000",
      "total_points_tournament_value": "1104.8000",
      "stats_rank": 2
    },
    {
      "stateprov": "WA",
      "tournament_count": "345",
      "total_points_all": "15067.1300",
      "total_points_tournament_value": "3292.4300",
      "stats_rank": 3
    },
    {
      "stateprov": "OH",
      "tournament_count": "338",
      "total_points_all": "11645.0700",
      "total_points_tournament_value": "3342.9500",
      "stats_rank": 4
    },
    {
      "stateprov": "GA",
      "tournament_count": "318",
      "total_points_all": "2709.5200",
      "total_points_tournament_value": "1065.7900",
      "stats_rank": 5
    },
    {
      "stateprov": "CA",
      "tournament_count": "304",
      "total_points_all": "11260.7600",
      "total_points_tournament_value": "2948.0200",
      "stats_rank": 6
    },
    {
      "stateprov": "IN",
      "tournament_count": "234",
      "total_points_all": "4891.6200",
[1;33m... (output truncated, full response saved to state_tournaments_women.json)[0m
[0;32m✓ Test passed (200 OK)[0m
[0;36mResponse saved to: /Users/john/code/projects/ifpa-api-python/scripts/../scripts/stats_responses/state_tournaments_women.json[0m

[0;34m========================================[0m
[0;34mTEST 4: GET /stats/events_by_year[0m
[0;34m========================================[0m

[0;36m--- Test 4.1: Events by year (default OPEN) ---[0m
[1;33mcurl -H 'X-API-Key: $IFPA_API_KEY' 'https://api.ifpapinball.com/stats/events_by_year'[0m
[0;36mHTTP Status: 200[0m
{
  "type": "Events Per Year",
  "rank_type": "OPEN",
  "stats": [
    {
      "year": "2025",
      "country_count": "30",
      "tournament_count": "12300",
      "player_count": "277684",
      "stats_rank": 1
    },
    {
      "year": "2024",
      "country_count": "25",
      "tournament_count": "12776",
      "player_count": "291118",
      "stats_rank": 2
    },
    {
      "year": "2023",
      "country_count": "27",
      "tournament_count": "10323",
      "player_count": "246763",
      "stats_rank": 3
    },
    {
      "year": "2022",
      "country_count": "26",
      "tournament_count": "7724",
      "player_count": "180021",
      "stats_rank": 4
    },
    {
      "year": "2021",
      "country_count": "23",
      "tournament_count": "2346",
      "player_count": "52533",
      "stats_rank": 5
    },
    {
      "year": "2020",
      "country_count": "21",
      "tournament_count": "1540",
      "player_count": "35891",
      "stats_rank": 6
    },
    {
      "year": "2019",
      "country_count": "25",
      "tournament_count": "7200",
[1;33m... (output truncated, full response saved to events_by_year_open.json)[0m
[0;32m✓ Test passed (200 OK)[0m
[0;36mResponse saved to: /Users/john/code/projects/ifpa-api-python/scripts/../scripts/stats_responses/events_by_year_open.json[0m

[0;36m--- Test 4.2: Events by year (WOMEN) ---[0m
[1;33mcurl -H 'X-API-Key: $IFPA_API_KEY' 'https://api.ifpapinball.com/stats/events_by_year?rank_type=WOMEN'[0m
[0;36mHTTP Status: 200[0m
{
  "type": "Events Per Year",
  "rank_type": "WOMEN",
  "stats": [
    {
      "year": "2025",
      "country_count": "15",
      "tournament_count": "1686",
      "player_count": "22992",
      "stats_rank": 1
    },
    {
      "year": "2024",
      "country_count": "10",
      "tournament_count": "1597",
      "player_count": "20927",
      "stats_rank": 2
    },
    {
      "year": "2023",
      "country_count": "9",
      "tournament_count": "1235",
      "player_count": "16031",
      "stats_rank": 3
    },
    {
      "year": "2022",
      "country_count": "9",
      "tournament_count": "602",
      "player_count": "7827",
      "stats_rank": 4
    },
    {
      "year": "2021",
      "country_count": "3",
      "tournament_count": "127",
      "player_count": "1544",
      "stats_rank": 5
    },
    {
      "year": "2020",
      "country_count": "4",
      "tournament_count": "92",
      "player_count": "1414",
      "stats_rank": 6
    },
    {
      "year": "2019",
      "country_count": "8",
      "tournament_count": "369",
[1;33m... (output truncated, full response saved to events_by_year_women.json)[0m
[0;32m✓ Test passed (200 OK)[0m
[0;36mResponse saved to: /Users/john/code/projects/ifpa-api-python/scripts/../scripts/stats_responses/events_by_year_women.json[0m

[0;36m--- Test 4.3: Events by year (US only) ---[0m
[1;33mcurl -H 'X-API-Key: $IFPA_API_KEY' 'https://api.ifpapinball.com/stats/events_by_year?country_code=US'[0m
[0;36mHTTP Status: 200[0m
{
  "type": "Events Per Year",
  "rank_type": "OPEN",
  "stats": [
    {
      "year": "2025",
      "country_count": "1",
      "tournament_count": "9680",
      "player_count": "209880",
      "stats_rank": 1
    },
    {
      "year": "2024",
      "country_count": "1",
      "tournament_count": "10042",
      "player_count": "221107",
      "stats_rank": 2
    },
    {
      "year": "2023",
      "country_count": "1",
      "tournament_count": "7965",
      "player_count": "183449",
      "stats_rank": 3
    },
    {
      "year": "2022",
      "country_count": "1",
      "tournament_count": "5627",
      "player_count": "125700",
      "stats_rank": 4
    },
    {
      "year": "2021",
      "country_count": "1",
      "tournament_count": "1747",
      "player_count": "37067",
      "stats_rank": 5
    },
    {
      "year": "2020",
      "country_count": "1",
      "tournament_count": "1154",
      "player_count": "25138",
      "stats_rank": 6
    },
    {
      "year": "2019",
      "country_count": "1",
      "tournament_count": "5420",
[1;33m... (output truncated, full response saved to events_by_year_us.json)[0m
[0;32m✓ Test passed (200 OK)[0m
[0;36mResponse saved to: /Users/john/code/projects/ifpa-api-python/scripts/../scripts/stats_responses/events_by_year_us.json[0m

[0;36m--- Test 4.4: Events by year (WOMEN, US) ---[0m
[1;33mcurl -H 'X-API-Key: $IFPA_API_KEY' 'https://api.ifpapinball.com/stats/events_by_year?rank_type=WOMEN&country_code=US'[0m
[0;36mHTTP Status: 200[0m
{
  "type": "Events Per Year",
  "rank_type": "WOMEN",
  "stats": [
    {
      "year": "2025",
      "country_count": "1",
      "tournament_count": "1468",
      "player_count": "19889",
      "stats_rank": 1
    },
    {
      "year": "2024",
      "country_count": "1",
      "tournament_count": "1435",
      "player_count": "18807",
      "stats_rank": 2
    },
    {
      "year": "2023",
      "country_count": "1",
      "tournament_count": "1111",
      "player_count": "14426",
      "stats_rank": 3
    },
    {
      "year": "2022",
      "country_count": "1",
      "tournament_count": "546",
      "player_count": "7160",
      "stats_rank": 4
    },
    {
      "year": "2021",
      "country_count": "1",
      "tournament_count": "110",
      "player_count": "1359",
      "stats_rank": 5
    },
    {
      "year": "2020",
      "country_count": "1",
      "tournament_count": "84",
      "player_count": "1307",
      "stats_rank": 6
    },
    {
      "year": "2019",
      "country_count": "1",
      "tournament_count": "331",
[1;33m... (output truncated, full response saved to events_by_year_women_us.json)[0m
[0;32m✓ Test passed (200 OK)[0m
[0;36mResponse saved to: /Users/john/code/projects/ifpa-api-python/scripts/../scripts/stats_responses/events_by_year_women_us.json[0m

[0;34m========================================[0m
[0;34mTEST 5: GET /stats/players_by_year[0m
[0;34m========================================[0m

[0;36m--- Test 5.1: Players by year (no parameters) ---[0m
[1;33mcurl -H 'X-API-Key: $IFPA_API_KEY' 'https://api.ifpapinball.com/stats/players_by_year'[0m
[0;36mHTTP Status: 200[0m
{
  "type": "Players by Year",
  "rank_type": "OPEN",
  "stats": [
    {
      "year": "2025",
      "current_year_count": "39169",
      "previous_year_count": "18453",
      "previous_2_year_count": "8278",
      "stats_rank": 1
    },
    {
      "year": "2024",
      "current_year_count": "38914",
      "previous_year_count": "14683",
      "previous_2_year_count": "6707",
      "stats_rank": 2
    },
    {
      "year": "2023",
      "current_year_count": "32981",
      "previous_year_count": "9195",
      "previous_2_year_count": "7269",
      "stats_rank": 3
    },
    {
      "year": "2022",
      "current_year_count": "24721",
      "previous_year_count": "9194",
      "previous_2_year_count": "6707",
      "stats_rank": 4
    },
    {
      "year": "2021",
      "current_year_count": "13041",
      "previous_year_count": "5719",
      "previous_2_year_count": "7270",
      "stats_rank": 5
    },
    {
      "year": "2020",
      "current_year_count": "11403",
      "previous_year_count": "8697",
      "previous_2_year_count": "6468",
      "stats_rank": 6
    },
    {
      "year": "2019",
      "current_year_count": "24380",
      "previous_year_count": "12010",
[1;33m... (output truncated, full response saved to players_by_year.json)[0m
[0;32m✓ Test passed (200 OK)[0m
[0;36mResponse saved to: /Users/john/code/projects/ifpa-api-python/scripts/../scripts/stats_responses/players_by_year.json[0m

[0;34m========================================[0m
[0;34mTEST 6: GET /stats/largest_tournaments[0m
[0;34m========================================[0m

[0;36m--- Test 6.1: Largest tournaments (default OPEN) ---[0m
[1;33mcurl -H 'X-API-Key: $IFPA_API_KEY' 'https://api.ifpapinball.com/stats/largest_tournaments'[0m
[0;36mHTTP Status: 200[0m
{
  "type": "Largest Tournaments",
  "rank_type": "OPEN",
  "stats": [
    {
      "country_name": "United States",
      "country_code": "US",
      "player_count": "987",
      "tournament_id": "34625",
      "tournament_name": "Pinburgh Match-Play Championship",
      "event_name": "Main Tournament",
      "tournament_date": "2019-08-03",
      "stats_rank": 1
    },
    {
      "country_name": "United States",
      "country_code": "US",
      "player_count": "822",
      "tournament_id": "26092",
      "tournament_name": "Pinburgh Match-Play Championship",
      "event_name": "Main Tournament",
      "tournament_date": "2018-07-28",
      "stats_rank": 2
    },
    {
      "country_name": "United States",
      "country_code": "US",
      "player_count": "782",
      "tournament_id": "18474",
      "tournament_name": "Pinburgh Match-Play Championship",
      "event_name": "Main Tournament",
      "tournament_date": "2017-07-29",
      "stats_rank": 3
    },
    {
      "country_name": "United States",
      "country_code": "US",
      "player_count": "661",
      "tournament_id": "12352",
      "tournament_name": "Pinburgh Match-Play Championship",
      "event_name": "Main Tournament",
      "tournament_date": "2016-07-30",
      "stats_rank": 4
    },
    {
      "country_name": "United States",
      "country_code": "US",
      "player_count": "596",
      "tournament_id": "11102",
      "tournament_name": "Pinburgh Match-Play Championship",
[1;33m... (output truncated, full response saved to largest_tournaments_open.json)[0m
[0;32m✓ Test passed (200 OK)[0m
[0;36mResponse saved to: /Users/john/code/projects/ifpa-api-python/scripts/../scripts/stats_responses/largest_tournaments_open.json[0m

[0;36m--- Test 6.2: Largest tournaments (WOMEN) ---[0m
[1;33mcurl -H 'X-API-Key: $IFPA_API_KEY' 'https://api.ifpapinball.com/stats/largest_tournaments?rank_type=WOMEN'[0m
[0;36mHTTP Status: 200[0m
{
  "type": "Largest Tournaments",
  "rank_type": "WOMEN",
  "stats": [
    {
      "country_name": "United States",
      "country_code": "US",
      "player_count": "127",
      "tournament_id": "34627",
      "tournament_name": "Women's International Pinball Tournament",
      "event_name": "Main Tournament",
      "tournament_date": "2019-08-04",
      "stats_rank": 1
    },
    {
      "country_name": "United States",
      "country_code": "US",
      "player_count": "86",
      "tournament_id": "103188",
      "tournament_name": "Expo flipOUT! Womens Big Bracket",
      "event_name": "Womens Division",
      "tournament_date": "2025-10-18",
      "stats_rank": 2
    },
    {
      "country_name": "United States",
      "country_code": "US",
      "player_count": "84",
      "tournament_id": "83856",
      "tournament_name": "Expo flipOUT! Womens Mini Big Bracket",
      "event_name": "Womens Division",
      "tournament_date": "2024-10-19",
      "stats_rank": 3
    },
    {
      "country_name": "Canada",
      "country_code": "CA",
      "player_count": "81",
      "tournament_id": "85706",
      "tournament_name": " 2025 YEGPIN Women's Match Play Championship",
      "event_name": "Main Tournament",
      "tournament_date": "2025-05-18",
      "stats_rank": 4
    },
    {
      "country_name": "United States",
      "country_code": "US",
      "player_count": "81",
      "tournament_id": "98794",
      "tournament_name": "Colorado Annual Women's Weekend: Golden Egg",
[1;33m... (output truncated, full response saved to largest_tournaments_women.json)[0m
[0;32m✓ Test passed (200 OK)[0m
[0;36mResponse saved to: /Users/john/code/projects/ifpa-api-python/scripts/../scripts/stats_responses/largest_tournaments_women.json[0m

[0;36m--- Test 6.3: Largest tournaments (US only) ---[0m
[1;33mcurl -H 'X-API-Key: $IFPA_API_KEY' 'https://api.ifpapinball.com/stats/largest_tournaments?country_code=US'[0m
[0;36mHTTP Status: 200[0m
{
  "type": "Largest Tournaments",
  "rank_type": "OPEN",
  "stats": [
    {
      "country_name": "United States",
      "country_code": "US",
      "player_count": "987",
      "tournament_id": "34625",
      "tournament_name": "Pinburgh Match-Play Championship",
      "event_name": "Main Tournament",
      "tournament_date": "2019-08-03",
      "stats_rank": 1
    },
    {
      "country_name": "United States",
      "country_code": "US",
      "player_count": "822",
      "tournament_id": "26092",
      "tournament_name": "Pinburgh Match-Play Championship",
      "event_name": "Main Tournament",
      "tournament_date": "2018-07-28",
      "stats_rank": 2
    },
    {
      "country_name": "United States",
      "country_code": "US",
      "player_count": "782",
      "tournament_id": "18474",
      "tournament_name": "Pinburgh Match-Play Championship",
      "event_name": "Main Tournament",
      "tournament_date": "2017-07-29",
      "stats_rank": 3
    },
    {
      "country_name": "United States",
      "country_code": "US",
      "player_count": "661",
      "tournament_id": "12352",
      "tournament_name": "Pinburgh Match-Play Championship",
      "event_name": "Main Tournament",
      "tournament_date": "2016-07-30",
      "stats_rank": 4
    },
    {
      "country_name": "United States",
      "country_code": "US",
      "player_count": "596",
      "tournament_id": "11102",
      "tournament_name": "Pinburgh Match-Play Championship",
[1;33m... (output truncated, full response saved to largest_tournaments_us.json)[0m
[0;32m✓ Test passed (200 OK)[0m
[0;36mResponse saved to: /Users/john/code/projects/ifpa-api-python/scripts/../scripts/stats_responses/largest_tournaments_us.json[0m

[0;34m========================================[0m
[0;34mTEST 7: GET /stats/lucrative_tournaments[0m
[0;34m========================================[0m

[0;36m--- Test 7.1: Lucrative tournaments (default major=Y, OPEN) ---[0m
[1;33mcurl -H 'X-API-Key: $IFPA_API_KEY' 'https://api.ifpapinball.com/stats/lucrative_tournaments'[0m
[0;36mHTTP Status: 200[0m
{
  "type": "Lucrative Tournaments",
  "rank_type": "OPEN",
  "stats": [
    {
      "country_name": "United States",
      "country_code": "US",
      "tournament_id": "83318",
      "tournament_name": "The Open - IFPA World Championship",
      "event_name": "Main Tournament",
      "tournament_date": "2025-01-26",
      "tournament_value": 400.79,
      "stats_rank": 1
    },
    {
      "country_name": "United States",
      "country_code": "US",
      "tournament_id": "78171",
      "tournament_name": "IFPA World Pinball Championship",
      "event_name": "Main Tournament",
      "tournament_date": "2024-06-09",
      "tournament_value": 393.28,
      "stats_rank": 2
    },
    {
      "country_name": "United States",
      "country_code": "US",
      "tournament_id": "66352",
      "tournament_name": "The Open - IFPA World Championship",
      "event_name": "Main Tournament",
      "tournament_date": "2024-01-07",
      "tournament_value": 392.52,
      "stats_rank": 3
    },
    {
      "country_name": "Germany",
      "country_code": "DE",
      "tournament_id": "63694",
      "tournament_name": "IFPA World Pinball Championship",
      "event_name": "Main Tournament",
      "tournament_date": "2023-06-04",
      "tournament_value": 380.31,
      "stats_rank": 4
    },
    {
      "country_name": "United States",
      "country_code": "US",
      "tournament_id": "94851",
      "tournament_name": "PAPA World Pinball Championships",
      "event_name": "Main Tournament",
[1;33m... (output truncated, full response saved to lucrative_tournaments_major_open.json)[0m
[0;32m✓ Test passed (200 OK)[0m
[0;36mResponse saved to: /Users/john/code/projects/ifpa-api-python/scripts/../scripts/stats_responses/lucrative_tournaments_major_open.json[0m

[0;36m--- Test 7.2: Lucrative tournaments (major=N) ---[0m
[1;33mcurl -H 'X-API-Key: $IFPA_API_KEY' 'https://api.ifpapinball.com/stats/lucrative_tournaments?major=N'[0m
[0;36mHTTP Status: 200[0m
{
  "type": "Lucrative Tournaments",
  "rank_type": "OPEN",
  "stats": [
    {
      "country_name": "United States",
      "country_code": "US",
      "tournament_id": "83321",
      "tournament_name": "It Never Drains in Southern California",
      "event_name": "Classics",
      "tournament_date": "2025-01-25",
      "tournament_value": 281.01,
      "stats_rank": 1
    },
    {
      "country_name": "United States",
      "country_code": "US",
      "tournament_id": "66353",
      "tournament_name": "It Never Drains in Southern California",
      "event_name": "Classics",
      "tournament_date": "2024-01-06",
      "tournament_value": 266.56,
      "stats_rank": 2
    },
    {
      "country_name": "Germany",
      "country_code": "DE",
      "tournament_id": "58821",
      "tournament_name": "IFPA Olympics 23 Group Matchplay",
      "event_name": "Main Tournament",
      "tournament_date": "2023-05-29",
      "tournament_value": 263.69,
      "stats_rank": 3
    },
    {
      "country_name": "United States",
      "country_code": "US",
      "tournament_id": "55156",
      "tournament_name": "D82 Winter 3X Certified Main Event",
      "event_name": "Main Tournament",
      "tournament_date": "2023-02-19",
      "tournament_value": 257.03,
      "stats_rank": 4
    },
    {
      "country_name": "United States",
      "country_code": "US",
      "tournament_id": "82217",
      "tournament_name": "PAPA World Pinball Championships ",
      "event_name": "Classics",
[1;33m... (output truncated, full response saved to lucrative_tournaments_non_major.json)[0m
[0;32m✓ Test passed (200 OK)[0m
[0;36mResponse saved to: /Users/john/code/projects/ifpa-api-python/scripts/../scripts/stats_responses/lucrative_tournaments_non_major.json[0m

[0;36m--- Test 7.3: Lucrative tournaments (WOMEN) ---[0m
[1;33mcurl -H 'X-API-Key: $IFPA_API_KEY' 'https://api.ifpapinball.com/stats/lucrative_tournaments?rank_type=WOMEN'[0m
[0;36mHTTP Status: 200[0m
{
  "type": "Lucrative Tournaments",
  "rank_type": "WOMEN",
  "stats": [
    {
      "country_name": "United States",
      "country_code": "US",
      "tournament_id": "82658",
      "tournament_name": "IFPA Womens World Championship",
      "event_name": "Main Tournament",
      "tournament_date": "2025-03-30",
      "tournament_value": 189.8,
      "stats_rank": 1
    },
    {
      "country_name": "United States",
      "country_code": "US",
      "tournament_id": "65959",
      "tournament_name": "IFPA Womens World Championship",
      "event_name": "Main Tournament",
      "tournament_date": "2024-03-24",
      "tournament_value": 188.78,
      "stats_rank": 2
    },
    {
      "country_name": "United States",
      "country_code": "US",
      "tournament_id": "61511",
      "tournament_name": "IFPA Womens World Pinball Championship",
      "event_name": "Main Tournament",
      "tournament_date": "2023-03-19",
      "tournament_value": 182.77,
      "stats_rank": 3
    },
    {
      "country_name": "Canada",
      "country_code": "CA",
      "tournament_id": "85706",
      "tournament_name": " 2025 YEGPIN Women's Match Play Championship",
      "event_name": "Main Tournament",
      "tournament_date": "2025-05-18",
      "tournament_value": 143.02,
      "stats_rank": 4
    },
    {
      "country_name": "United States",
      "country_code": "US",
      "tournament_id": "90689",
      "tournament_name": " Women's International Pinball Tournament",
      "event_name": "Main Tournament",
[1;33m... (output truncated, full response saved to lucrative_tournaments_women.json)[0m
[0;32m✓ Test passed (200 OK)[0m
[0;36mResponse saved to: /Users/john/code/projects/ifpa-api-python/scripts/../scripts/stats_responses/lucrative_tournaments_women.json[0m

[0;36m--- Test 7.4: Lucrative tournaments (US only) ---[0m
[1;33mcurl -H 'X-API-Key: $IFPA_API_KEY' 'https://api.ifpapinball.com/stats/lucrative_tournaments?country_code=US'[0m
[0;36mHTTP Status: 200[0m
{
  "type": "Lucrative Tournaments",
  "rank_type": "OPEN",
  "stats": [
    {
      "country_name": "United States",
      "country_code": "US",
      "tournament_id": "83318",
      "tournament_name": "The Open - IFPA World Championship",
      "event_name": "Main Tournament",
      "tournament_date": "2025-01-26",
      "tournament_value": 400.79,
      "stats_rank": 1
    },
    {
      "country_name": "United States",
      "country_code": "US",
      "tournament_id": "78171",
      "tournament_name": "IFPA World Pinball Championship",
      "event_name": "Main Tournament",
      "tournament_date": "2024-06-09",
      "tournament_value": 393.28,
      "stats_rank": 2
    },
    {
      "country_name": "United States",
      "country_code": "US",
      "tournament_id": "66352",
      "tournament_name": "The Open - IFPA World Championship",
      "event_name": "Main Tournament",
      "tournament_date": "2024-01-07",
      "tournament_value": 392.52,
      "stats_rank": 3
    },
    {
      "country_name": "United States",
      "country_code": "US",
      "tournament_id": "94851",
      "tournament_name": "PAPA World Pinball Championships",
      "event_name": "Main Tournament",
      "tournament_date": "2025-09-07",
      "tournament_value": 378.77,
      "stats_rank": 4
    },
    {
      "country_name": "United States",
      "country_code": "US",
      "tournament_id": "82215",
      "tournament_name": "PAPA World Pinball Championships ",
      "event_name": "Main Tournament",
[1;33m... (output truncated, full response saved to lucrative_tournaments_us.json)[0m
[0;32m✓ Test passed (200 OK)[0m
[0;36mResponse saved to: /Users/john/code/projects/ifpa-api-python/scripts/../scripts/stats_responses/lucrative_tournaments_us.json[0m

[0;34m========================================[0m
[0;34mTEST 8: GET /stats/points_given_period[0m
[0;34m========================================[0m

[0;36m--- Test 8.1: Points given period (no parameters) ---[0m
[1;33mcurl -H 'X-API-Key: $IFPA_API_KEY' 'https://api.ifpapinball.com/stats/points_given_period'[0m
[0;36mHTTP Status: 200[0m
{
  "type": "Points given Period",
  "start_date": "'2024-11-19'",
  "end_date": "2025-11-19",
  "return_count": 25,
  "rank_type": "OPEN",
  "stats": [
    {
      "player_id": "49549",
      "first_name": "Arvid",
      "last_name": "Flygare",
      "country_name": "Sweden",
      "country_code": "SE",
      "wppr_points": "4033.46",
      "stats_rank": 1
    },
    {
      "player_id": "16004",
      "first_name": "Viggo",
      "last_name": "Löwgren",
      "country_name": "Sweden",
      "country_code": "SE",
      "wppr_points": "3854.59",
      "stats_rank": 2
    },
    {
      "player_id": "1605",
      "first_name": "Escher",
      "last_name": "Lefkoff",
      "country_name": "Australia",
      "country_code": "AU",
      "wppr_points": "3547.03",
      "stats_rank": 3
    },
    {
      "player_id": "8202",
      "first_name": "Zach",
      "last_name": "McCarthy",
      "country_name": "United States",
      "country_code": "US",
      "wppr_points": "3517.15",
      "stats_rank": 4
    },
    {
      "player_id": "40612",
      "first_name": "Carlos",
      "last_name": "Delaserda",
      "country_name": "United States",
      "country_code": "US",
      "wppr_points": "3193.15",
[1;33m... (output truncated, full response saved to points_given_period_default.json)[0m
[0;32m✓ Test passed (200 OK)[0m
[0;36mResponse saved to: /Users/john/code/projects/ifpa-api-python/scripts/../scripts/stats_responses/points_given_period_default.json[0m

[0;36m--- Test 8.2: Points given period (2024 date range) ---[0m
[1;33mcurl -H 'X-API-Key: $IFPA_API_KEY' 'https://api.ifpapinball.com/stats/points_given_period?start_date=2024-01-01&end_date=2024-12-31'[0m
[0;36mHTTP Status: 200[0m
{
  "type": "Points given Period",
  "start_date": "2024-01-01",
  "end_date": "2024-12-31",
  "return_count": 25,
  "rank_type": "OPEN",
  "stats": [
    {
      "player_id": "1605",
      "first_name": "Escher",
      "last_name": "Lefkoff",
      "country_name": "Australia",
      "country_code": "AU",
      "wppr_points": "4264.61",
      "stats_rank": 1
    },
    {
      "player_id": "16004",
      "first_name": "Viggo",
      "last_name": "Löwgren",
      "country_name": "Sweden",
      "country_code": "SE",
      "wppr_points": "3049.80",
      "stats_rank": 2
    },
    {
      "player_id": "40612",
      "first_name": "Carlos",
      "last_name": "Delaserda",
      "country_name": "United States",
      "country_code": "US",
      "wppr_points": "2986.50",
      "stats_rank": 3
    },
    {
      "player_id": "8202",
      "first_name": "Zach",
      "last_name": "McCarthy",
      "country_name": "United States",
      "country_code": "US",
      "wppr_points": "2940.96",
      "stats_rank": 4
    },
    {
      "player_id": "11938",
      "first_name": "Jason",
      "last_name": "Zahler",
      "country_name": "United States",
      "country_code": "US",
      "wppr_points": "2911.98",
[1;33m... (output truncated, full response saved to points_given_period_2024.json)[0m
[0;32m✓ Test passed (200 OK)[0m
[0;36mResponse saved to: /Users/john/code/projects/ifpa-api-python/scripts/../scripts/stats_responses/points_given_period_2024.json[0m

[0;36m--- Test 8.3: Points given period (2024, limit 10) ---[0m
[1;33mcurl -H 'X-API-Key: $IFPA_API_KEY' 'https://api.ifpapinball.com/stats/points_given_period?start_date=2024-01-01&end_date=2024-12-31&limit=10'[0m
[0;36mHTTP Status: 200[0m
{
  "type": "Points given Period",
  "start_date": "2024-01-01",
  "end_date": "2024-12-31",
  "return_count": 25,
  "rank_type": "OPEN",
  "stats": [
    {
      "player_id": "1605",
      "first_name": "Escher",
      "last_name": "Lefkoff",
      "country_name": "Australia",
      "country_code": "AU",
      "wppr_points": "4264.61",
      "stats_rank": 1
    },
    {
      "player_id": "16004",
      "first_name": "Viggo",
      "last_name": "Löwgren",
      "country_name": "Sweden",
      "country_code": "SE",
      "wppr_points": "3049.80",
      "stats_rank": 2
    },
    {
      "player_id": "40612",
      "first_name": "Carlos",
      "last_name": "Delaserda",
      "country_name": "United States",
      "country_code": "US",
      "wppr_points": "2986.50",
      "stats_rank": 3
    },
    {
      "player_id": "8202",
      "first_name": "Zach",
      "last_name": "McCarthy",
      "country_name": "United States",
      "country_code": "US",
      "wppr_points": "2940.96",
      "stats_rank": 4
    },
    {
      "player_id": "11938",
      "first_name": "Jason",
      "last_name": "Zahler",
      "country_name": "United States",
      "country_code": "US",
      "wppr_points": "2911.98",
[1;33m... (output truncated, full response saved to points_given_period_2024_limit10.json)[0m
[0;32m✓ Test passed (200 OK)[0m
[0;36mResponse saved to: /Users/john/code/projects/ifpa-api-python/scripts/../scripts/stats_responses/points_given_period_2024_limit10.json[0m

[0;36m--- Test 8.4: Points given period (US, 2024) ---[0m
[1;33mcurl -H 'X-API-Key: $IFPA_API_KEY' 'https://api.ifpapinball.com/stats/points_given_period?country_code=US&start_date=2024-01-01&end_date=2024-12-31'[0m
[0;36mHTTP Status: 200[0m
{
  "type": "Points given Period",
  "start_date": "2024-01-01",
  "end_date": "2024-12-31",
  "return_count": 25,
  "rank_type": "OPEN",
  "stats": [
    {
      "player_id": "40612",
      "first_name": "Carlos",
      "last_name": "Delaserda",
      "country_name": "United States",
      "country_code": "US",
      "wppr_points": "2986.50",
      "stats_rank": 1
    },
    {
      "player_id": "8202",
      "first_name": "Zach",
      "last_name": "McCarthy",
      "country_name": "United States",
      "country_code": "US",
      "wppr_points": "2940.96",
      "stats_rank": 2
    },
    {
      "player_id": "11938",
      "first_name": "Jason",
      "last_name": "Zahler",
      "country_name": "United States",
      "country_code": "US",
      "wppr_points": "2911.98",
      "stats_rank": 3
    },
    {
      "player_id": "29954",
      "first_name": "Luke",
      "last_name": "Nahorniak",
      "country_name": "United States",
      "country_code": "US",
      "wppr_points": "2815.74",
      "stats_rank": 4
    },
    {
      "player_id": "166",
      "first_name": "Steven",
      "last_name": "Bowden",
      "country_name": "United States",
      "country_code": "US",
      "wppr_points": "2812.50",
[1;33m... (output truncated, full response saved to points_given_period_us_2024.json)[0m
[0;32m✓ Test passed (200 OK)[0m
[0;36mResponse saved to: /Users/john/code/projects/ifpa-api-python/scripts/../scripts/stats_responses/points_given_period_us_2024.json[0m

[0;34m========================================[0m
[0;34mTEST 9: GET /stats/events_attended_period[0m
[0;34m========================================[0m

[0;36m--- Test 9.1: Events attended period (no parameters) ---[0m
[1;33mcurl -H 'X-API-Key: $IFPA_API_KEY' 'https://api.ifpapinball.com/stats/events_attended_period'[0m
[0;36mHTTP Status: 200[0m
{
  "type": "Events attended over a period of time",
  "start_date": "'2024-11-19'",
  "end_date": "2025-11-19",
  "return_count": 25,
  "stats": [
    {
      "player_id": "91929",
      "first_name": "Nick",
      "last_name": "Elliott",
      "country_name": "United States",
      "country_code": "US",
      "tournament_count": "202",
      "stats_rank": 1
    },
    {
      "player_id": "55991",
      "first_name": "Dawnda",
      "last_name": "Durbin",
      "country_name": "United States",
      "country_code": "US",
      "tournament_count": "200",
      "stats_rank": 2
    },
    {
      "player_id": "15407",
      "first_name": "Mathew",
      "last_name": "Peterson",
      "country_name": "United States",
      "country_code": "US",
      "tournament_count": "196",
      "stats_rank": 3
    },
    {
      "player_id": "131255",
      "first_name": "Kat",
      "last_name": "Davis ",
      "country_name": "United States",
      "country_code": "US",
      "tournament_count": "166",
      "stats_rank": 4
    },
    {
      "player_id": "89126",
      "first_name": "Gus",
      "last_name": "Voss",
      "country_name": "United States",
      "country_code": "US",
      "tournament_count": "165",
      "stats_rank": 5
[1;33m... (output truncated, full response saved to events_attended_period_default.json)[0m
[0;32m✓ Test passed (200 OK)[0m
[0;36mResponse saved to: /Users/john/code/projects/ifpa-api-python/scripts/../scripts/stats_responses/events_attended_period_default.json[0m

[0;36m--- Test 9.2: Events attended period (2024 date range) ---[0m
[1;33mcurl -H 'X-API-Key: $IFPA_API_KEY' 'https://api.ifpapinball.com/stats/events_attended_period?start_date=2024-01-01&end_date=2024-12-31'[0m
[0;36mHTTP Status: 200[0m
{
  "type": "Events attended over a period of time",
  "start_date": "2024-01-01",
  "end_date": "2024-12-31",
  "return_count": 25,
  "stats": [
    {
      "player_id": "89391",
      "first_name": "Ben",
      "last_name": "Fodor",
      "country_name": "United States",
      "country_code": "US",
      "tournament_count": "199",
      "stats_rank": 1
    },
    {
      "player_id": "55991",
      "first_name": "Dawnda",
      "last_name": "Durbin",
      "country_name": "United States",
      "country_code": "US",
      "tournament_count": "188",
      "stats_rank": 2
    },
    {
      "player_id": "15407",
      "first_name": "Mathew",
      "last_name": "Peterson",
      "country_name": "United States",
      "country_code": "US",
      "tournament_count": "181",
      "stats_rank": 3
    },
    {
      "player_id": "91929",
      "first_name": "Nick",
      "last_name": "Elliott",
      "country_name": "United States",
      "country_code": "US",
      "tournament_count": "171",
      "stats_rank": 4
    },
    {
      "player_id": "70949",
      "first_name": "Elliott",
      "last_name": "Johnson",
      "country_name": "United States",
      "country_code": "US",
      "tournament_count": "165",
      "stats_rank": 5
[1;33m... (output truncated, full response saved to events_attended_period_2024.json)[0m
[0;32m✓ Test passed (200 OK)[0m
[0;36mResponse saved to: /Users/john/code/projects/ifpa-api-python/scripts/../scripts/stats_responses/events_attended_period_2024.json[0m

[0;36m--- Test 9.3: Events attended period (2024, limit 10) ---[0m
[1;33mcurl -H 'X-API-Key: $IFPA_API_KEY' 'https://api.ifpapinball.com/stats/events_attended_period?start_date=2024-01-01&end_date=2024-12-31&limit=10'[0m
[0;36mHTTP Status: 200[0m
{
  "type": "Events attended over a period of time",
  "start_date": "2024-01-01",
  "end_date": "2024-12-31",
  "return_count": 25,
  "stats": [
    {
      "player_id": "89391",
      "first_name": "Ben",
      "last_name": "Fodor",
      "country_name": "United States",
      "country_code": "US",
      "tournament_count": "199",
      "stats_rank": 1
    },
    {
      "player_id": "55991",
      "first_name": "Dawnda",
      "last_name": "Durbin",
      "country_name": "United States",
      "country_code": "US",
      "tournament_count": "188",
      "stats_rank": 2
    },
    {
      "player_id": "15407",
      "first_name": "Mathew",
      "last_name": "Peterson",
      "country_name": "United States",
      "country_code": "US",
      "tournament_count": "181",
      "stats_rank": 3
    },
    {
      "player_id": "91929",
      "first_name": "Nick",
      "last_name": "Elliott",
      "country_name": "United States",
      "country_code": "US",
      "tournament_count": "171",
      "stats_rank": 4
    },
    {
      "player_id": "70949",
      "first_name": "Elliott",
      "last_name": "Johnson",
      "country_name": "United States",
      "country_code": "US",
      "tournament_count": "165",
      "stats_rank": 5
[1;33m... (output truncated, full response saved to events_attended_period_2024_limit10.json)[0m
[0;32m✓ Test passed (200 OK)[0m
[0;36mResponse saved to: /Users/john/code/projects/ifpa-api-python/scripts/../scripts/stats_responses/events_attended_period_2024_limit10.json[0m

[0;36m--- Test 9.4: Events attended period (US, 2024) ---[0m
[1;33mcurl -H 'X-API-Key: $IFPA_API_KEY' 'https://api.ifpapinball.com/stats/events_attended_period?country_code=US&start_date=2024-01-01&end_date=2024-12-31'[0m
[0;36mHTTP Status: 200[0m
{
  "type": "Events attended over a period of time",
  "start_date": "2024-01-01",
  "end_date": "2024-12-31",
  "return_count": 25,
  "stats": [
    {
      "player_id": "89391",
      "first_name": "Ben",
      "last_name": "Fodor",
      "country_name": "United States",
      "country_code": "US",
      "tournament_count": "199",
      "stats_rank": 1
    },
    {
      "player_id": "55991",
      "first_name": "Dawnda",
      "last_name": "Durbin",
      "country_name": "United States",
      "country_code": "US",
      "tournament_count": "188",
      "stats_rank": 2
    },
    {
      "player_id": "15407",
      "first_name": "Mathew",
      "last_name": "Peterson",
      "country_name": "United States",
      "country_code": "US",
      "tournament_count": "181",
      "stats_rank": 3
    },
    {
      "player_id": "91929",
      "first_name": "Nick",
      "last_name": "Elliott",
      "country_name": "United States",
      "country_code": "US",
      "tournament_count": "171",
      "stats_rank": 4
    },
    {
      "player_id": "70949",
      "first_name": "Elliott",
      "last_name": "Johnson",
      "country_name": "United States",
      "country_code": "US",
      "tournament_count": "165",
      "stats_rank": 5
[1;33m... (output truncated, full response saved to events_attended_period_us_2024.json)[0m
[0;32m✓ Test passed (200 OK)[0m
[0;36mResponse saved to: /Users/john/code/projects/ifpa-api-python/scripts/../scripts/stats_responses/events_attended_period_us_2024.json[0m

[0;34m========================================[0m
[0;34mTEST 10: GET /stats/overall[0m
[0;34m========================================[0m

[0;36m--- Test 10.1: Overall stats (default OPEN) ---[0m
[1;33mcurl -H 'X-API-Key: $IFPA_API_KEY' 'https://api.ifpapinball.com/stats/overall'[0m
[0;36mHTTP Status: 200[0m
{
  "type": "Overall Stats",
  "system_code": "OPEN",
  "stats": {
    "overall_player_count": 143756,
    "active_player_count": 71907,
    "tournament_count": 85392,
    "tournament_count_last_month": 1202,
    "tournament_count_this_year": 14088,
    "tournament_player_count": 1956522,
    "tournament_player_count_average": 22.9,
    "age": {
      "age_under_18": 3.47,
      "age_18_to_29": 9.4,
      "age_30_to_39": 22.7,
      "age_40_to_49": 31.07,
      "age_50_to_99": 33.36
    }
  }
}
[0;32m✓ Test passed (200 OK)[0m
[0;36mResponse saved to: /Users/john/code/projects/ifpa-api-python/scripts/../scripts/stats_responses/overall_open.json[0m

[0;36m--- Test 10.2: Overall stats (explicit OPEN) ---[0m
[1;33mcurl -H 'X-API-Key: $IFPA_API_KEY' 'https://api.ifpapinball.com/stats/overall?system_code=OPEN'[0m
[0;36mHTTP Status: 200[0m
{
  "type": "Overall Stats",
  "system_code": "OPEN",
  "stats": {
    "overall_player_count": 143756,
    "active_player_count": 71907,
    "tournament_count": 85392,
    "tournament_count_last_month": 1202,
    "tournament_count_this_year": 14088,
    "tournament_player_count": 1956522,
    "tournament_player_count_average": 22.9,
    "age": {
      "age_under_18": 3.47,
      "age_18_to_29": 9.4,
      "age_30_to_39": 22.7,
      "age_40_to_49": 31.07,
      "age_50_to_99": 33.36
    }
  }
}
[0;32m✓ Test passed (200 OK)[0m
[0;36mResponse saved to: /Users/john/code/projects/ifpa-api-python/scripts/../scripts/stats_responses/overall_open_explicit.json[0m

[0;36m--- Test 10.3: Overall stats (WOMEN) ---[0m
[1;33mcurl -H 'X-API-Key: $IFPA_API_KEY' 'https://api.ifpapinball.com/stats/overall?system_code=WOMEN'[0m
[0;36mHTTP Status: 200[0m
{
  "type": "Overall Stats",
  "system_code": "OPEN",
  "stats": {
    "overall_player_count": 143756,
    "active_player_count": 71907,
    "tournament_count": 85392,
    "tournament_count_last_month": 1202,
    "tournament_count_this_year": 14088,
    "tournament_player_count": 1956522,
    "tournament_player_count_average": 22.9,
    "age": {
      "age_under_18": 3.47,
      "age_18_to_29": 9.4,
      "age_30_to_39": 22.7,
      "age_40_to_49": 31.07,
      "age_50_to_99": 33.36
    }
  }
}
[0;32m✓ Test passed (200 OK)[0m
[0;36mResponse saved to: /Users/john/code/projects/ifpa-api-python/scripts/../scripts/stats_responses/overall_women.json[0m

[0;34m========================================[0m
[0;34mTEST SUMMARY[0m
[0;34m========================================[0m
Total tests executed: 30
[0;32mPassed: 30[0m
[0;31mFailed: 0[0m

[0;32mAll tests passed![0m
